2025-09-08 21:16:44.641 -07:00 [WRN] Failed to determine the https port for redirect.
2025-09-08 21:16:44.713 -07:00 [INF] HTTP GET /api/v1/Patients responded 200 in 72.6980 ms
2025-09-08 21:17:13.235 -07:00 [ERR] Failed executing DbCommand (10ms) [Parameters=[@__ToLower_0='?'], CommandType='"Text"', CommandTimeout='30']
SELECT p."Id", p."City", p."CountryCode", p."CreatedAt", p."CreatedBy", p."DateOfBirth", p."DeletedAt", p."DeletedBy", p."DriversLicense", p."Email", p."EmergencyContactName", p."EmergencyContactPhone", p."EmergencyContactRelationship", p."Ethnicity", p."FirstName", p."Gender", p."HipaaEmailAllowed", p."HipaaMailAllowed", p."HipaaSmsAllowed", p."HipaaVoiceAllowed", p."InsuranceId", p."IsDeleted", p."Language", p."LastName", p."MaritalStatus", p."MiddleName", p."Occupation", p."PharmacyId", p."PhoneHome", p."PhoneMobile", p."PhoneWork", p."PostalCode", p."PrimaryProviderId", p."PublicPatientId", p."Race", p."Religion", p."SocialSecurityNumber", p."State", p."Status", p."Street", p."Title", p."UpdatedAt", p."UpdatedBy", p."Uuid"
FROM patients AS p
WHERE NOT (p."IsDeleted") AND p."Email" IS NOT NULL AND lower(p."Email") = @__ToLower_0
LIMIT 1
2025-09-08 21:17:13.241 -07:00 [ERR] An exception occurred while iterating over the results of a query for context type 'EMR.Infrastructure.Data.EmrDbContext'.
Npgsql.PostgresException (0x80004005): 42P01: relation "patients" does not exist

POSITION: 743
   at Npgsql.Internal.NpgsqlConnector.ReadMessageLong(Boolean async, DataRowLoadingMode dataRowLoadingMode, Boolean readingNotifications, Boolean isReadingPrependedMessage)
   at System.Runtime.CompilerServices.PoolingAsyncValueTaskMethodBuilder`1.StateMachineBox`1.System.Threading.Tasks.Sources.IValueTaskSource<TResult>.GetResult(Int16 token)
   at Npgsql.NpgsqlDataReader.NextResult(Boolean async, Boolean isConsuming, CancellationToken cancellationToken)
   at Npgsql.NpgsqlDataReader.NextResult(Boolean async, Boolean isConsuming, CancellationToken cancellationToken)
   at Npgsql.NpgsqlCommand.ExecuteReader(Boolean async, CommandBehavior behavior, CancellationToken cancellationToken)
   at Npgsql.NpgsqlCommand.ExecuteReader(Boolean async, CommandBehavior behavior, CancellationToken cancellationToken)
   at Npgsql.NpgsqlCommand.ExecuteDbDataReaderAsync(CommandBehavior behavior, CancellationToken cancellationToken)
   at Microsoft.EntityFrameworkCore.Storage.RelationalCommand.ExecuteReaderAsync(RelationalCommandParameterObject parameterObject, CancellationToken cancellationToken)
   at Microsoft.EntityFrameworkCore.Storage.RelationalCommand.ExecuteReaderAsync(RelationalCommandParameterObject parameterObject, CancellationToken cancellationToken)
   at Microsoft.EntityFrameworkCore.Query.Internal.SingleQueryingEnumerable`1.AsyncEnumerator.InitializeReaderAsync(AsyncEnumerator enumerator, CancellationToken cancellationToken)
   at Npgsql.EntityFrameworkCore.PostgreSQL.Storage.Internal.NpgsqlExecutionStrategy.ExecuteAsync[TState,TResult](TState state, Func`4 operation, Func`4 verifySucceeded, CancellationToken cancellationToken)
   at Microsoft.EntityFrameworkCore.Query.Internal.SingleQueryingEnumerable`1.AsyncEnumerator.MoveNextAsync()
  Exception data:
    Severity: ERROR
    SqlState: 42P01
    MessageText: relation "patients" does not exist
    Position: 743
    File: parse_relation.c
    Line: 1392
    Routine: parserOpenTable
Npgsql.PostgresException (0x80004005): 42P01: relation "patients" does not exist

POSITION: 743
   at Npgsql.Internal.NpgsqlConnector.ReadMessageLong(Boolean async, DataRowLoadingMode dataRowLoadingMode, Boolean readingNotifications, Boolean isReadingPrependedMessage)
   at System.Runtime.CompilerServices.PoolingAsyncValueTaskMethodBuilder`1.StateMachineBox`1.System.Threading.Tasks.Sources.IValueTaskSource<TResult>.GetResult(Int16 token)
   at Npgsql.NpgsqlDataReader.NextResult(Boolean async, Boolean isConsuming, CancellationToken cancellationToken)
   at Npgsql.NpgsqlDataReader.NextResult(Boolean async, Boolean isConsuming, CancellationToken cancellationToken)
   at Npgsql.NpgsqlCommand.ExecuteReader(Boolean async, CommandBehavior behavior, CancellationToken cancellationToken)
   at Npgsql.NpgsqlCommand.ExecuteReader(Boolean async, CommandBehavior behavior, CancellationToken cancellationToken)
   at Npgsql.NpgsqlCommand.ExecuteDbDataReaderAsync(CommandBehavior behavior, CancellationToken cancellationToken)
   at Microsoft.EntityFrameworkCore.Storage.RelationalCommand.ExecuteReaderAsync(RelationalCommandParameterObject parameterObject, CancellationToken cancellationToken)
   at Microsoft.EntityFrameworkCore.Storage.RelationalCommand.ExecuteReaderAsync(RelationalCommandParameterObject parameterObject, CancellationToken cancellationToken)
   at Microsoft.EntityFrameworkCore.Query.Internal.SingleQueryingEnumerable`1.AsyncEnumerator.InitializeReaderAsync(AsyncEnumerator enumerator, CancellationToken cancellationToken)
   at Npgsql.EntityFrameworkCore.PostgreSQL.Storage.Internal.NpgsqlExecutionStrategy.ExecuteAsync[TState,TResult](TState state, Func`4 operation, Func`4 verifySucceeded, CancellationToken cancellationToken)
   at Microsoft.EntityFrameworkCore.Query.Internal.SingleQueryingEnumerable`1.AsyncEnumerator.MoveNextAsync()
  Exception data:
    Severity: ERROR
    SqlState: 42P01
    MessageText: relation "patients" does not exist
    Position: 743
    File: parse_relation.c
    Line: 1392
    Routine: parserOpenTable
2025-09-08 21:17:13.250 -07:00 [ERR] HTTP POST /api/v1/Patients responded 500 in 254.2815 ms
2025-09-08 21:27:56.696 -07:00 [INF] HTTP OPTIONS /api/v1/Patients responded 204 in 2.0015 ms
2025-09-08 21:27:56.704 -07:00 [INF] HTTP GET /api/v1/Patients responded 200 in 4.0271 ms
2025-09-08 21:27:56.707 -07:00 [INF] HTTP OPTIONS /api/v1/Appointments responded 204 in 0.5611 ms
2025-09-08 21:27:56.720 -07:00 [INF] HTTP GET /api/v1/Appointments responded 200 in 11.0615 ms
2025-09-08 21:27:56.738 -07:00 [INF] HTTP GET /api/v1/Patients responded 200 in 0.3763 ms
2025-09-08 21:27:56.747 -07:00 [INF] HTTP GET /api/v1/Appointments responded 200 in 0.7930 ms
2025-09-08 22:17:15.216 -07:00 [ERR] Failed executing DbCommand (1ms) [Parameters=[@__ToLower_0='?'], CommandType='"Text"', CommandTimeout='30']
SELECT p."Id", p."City", p."CountryCode", p."CreatedAt", p."CreatedBy", p."DateOfBirth", p."DeletedAt", p."DeletedBy", p."DriversLicense", p."Email", p."EmergencyContactName", p."EmergencyContactPhone", p."EmergencyContactRelationship", p."Ethnicity", p."FirstName", p."Gender", p."HipaaEmailAllowed", p."HipaaMailAllowed", p."HipaaSmsAllowed", p."HipaaVoiceAllowed", p."InsuranceId", p."IsDeleted", p."Language", p."LastName", p."MaritalStatus", p."MiddleName", p."Occupation", p."PharmacyId", p."PhoneHome", p."PhoneMobile", p."PhoneWork", p."PostalCode", p."PrimaryProviderId", p."PublicPatientId", p."Race", p."Religion", p."SocialSecurityNumber", p."State", p."Status", p."Street", p."Title", p."UpdatedAt", p."UpdatedBy", p."Uuid"
FROM patients AS p
WHERE NOT (p."IsDeleted") AND p."Email" IS NOT NULL AND lower(p."Email") = @__ToLower_0
LIMIT 1
2025-09-08 22:17:15.218 -07:00 [ERR] An exception occurred while iterating over the results of a query for context type 'EMR.Infrastructure.Data.EmrDbContext'.
Npgsql.PostgresException (0x80004005): 42P01: relation "patients" does not exist

POSITION: 743
   at Npgsql.Internal.NpgsqlConnector.ReadMessageLong(Boolean async, DataRowLoadingMode dataRowLoadingMode, Boolean readingNotifications, Boolean isReadingPrependedMessage)
   at System.Runtime.CompilerServices.PoolingAsyncValueTaskMethodBuilder`1.StateMachineBox`1.System.Threading.Tasks.Sources.IValueTaskSource<TResult>.GetResult(Int16 token)
   at Npgsql.NpgsqlDataReader.NextResult(Boolean async, Boolean isConsuming, CancellationToken cancellationToken)
   at Npgsql.NpgsqlDataReader.NextResult(Boolean async, Boolean isConsuming, CancellationToken cancellationToken)
   at Npgsql.NpgsqlCommand.ExecuteReader(Boolean async, CommandBehavior behavior, CancellationToken cancellationToken)
   at Npgsql.NpgsqlCommand.ExecuteReader(Boolean async, CommandBehavior behavior, CancellationToken cancellationToken)
   at Npgsql.NpgsqlCommand.ExecuteDbDataReaderAsync(CommandBehavior behavior, CancellationToken cancellationToken)
   at Microsoft.EntityFrameworkCore.Storage.RelationalCommand.ExecuteReaderAsync(RelationalCommandParameterObject parameterObject, CancellationToken cancellationToken)
   at Microsoft.EntityFrameworkCore.Storage.RelationalCommand.ExecuteReaderAsync(RelationalCommandParameterObject parameterObject, CancellationToken cancellationToken)
   at Microsoft.EntityFrameworkCore.Query.Internal.SingleQueryingEnumerable`1.AsyncEnumerator.InitializeReaderAsync(AsyncEnumerator enumerator, CancellationToken cancellationToken)
   at Npgsql.EntityFrameworkCore.PostgreSQL.Storage.Internal.NpgsqlExecutionStrategy.ExecuteAsync[TState,TResult](TState state, Func`4 operation, Func`4 verifySucceeded, CancellationToken cancellationToken)
   at Microsoft.EntityFrameworkCore.Query.Internal.SingleQueryingEnumerable`1.AsyncEnumerator.MoveNextAsync()
  Exception data:
    Severity: ERROR
    SqlState: 42P01
    MessageText: relation "patients" does not exist
    Position: 743
    File: parse_relation.c
    Line: 1392
    Routine: parserOpenTable
Npgsql.PostgresException (0x80004005): 42P01: relation "patients" does not exist

POSITION: 743
   at Npgsql.Internal.NpgsqlConnector.ReadMessageLong(Boolean async, DataRowLoadingMode dataRowLoadingMode, Boolean readingNotifications, Boolean isReadingPrependedMessage)
   at System.Runtime.CompilerServices.PoolingAsyncValueTaskMethodBuilder`1.StateMachineBox`1.System.Threading.Tasks.Sources.IValueTaskSource<TResult>.GetResult(Int16 token)
   at Npgsql.NpgsqlDataReader.NextResult(Boolean async, Boolean isConsuming, CancellationToken cancellationToken)
   at Npgsql.NpgsqlDataReader.NextResult(Boolean async, Boolean isConsuming, CancellationToken cancellationToken)
   at Npgsql.NpgsqlCommand.ExecuteReader(Boolean async, CommandBehavior behavior, CancellationToken cancellationToken)
   at Npgsql.NpgsqlCommand.ExecuteReader(Boolean async, CommandBehavior behavior, CancellationToken cancellationToken)
   at Npgsql.NpgsqlCommand.ExecuteDbDataReaderAsync(CommandBehavior behavior, CancellationToken cancellationToken)
   at Microsoft.EntityFrameworkCore.Storage.RelationalCommand.ExecuteReaderAsync(RelationalCommandParameterObject parameterObject, CancellationToken cancellationToken)
   at Microsoft.EntityFrameworkCore.Storage.RelationalCommand.ExecuteReaderAsync(RelationalCommandParameterObject parameterObject, CancellationToken cancellationToken)
   at Microsoft.EntityFrameworkCore.Query.Internal.SingleQueryingEnumerable`1.AsyncEnumerator.InitializeReaderAsync(AsyncEnumerator enumerator, CancellationToken cancellationToken)
   at Npgsql.EntityFrameworkCore.PostgreSQL.Storage.Internal.NpgsqlExecutionStrategy.ExecuteAsync[TState,TResult](TState state, Func`4 operation, Func`4 verifySucceeded, CancellationToken cancellationToken)
   at Microsoft.EntityFrameworkCore.Query.Internal.SingleQueryingEnumerable`1.AsyncEnumerator.MoveNextAsync()
  Exception data:
    Severity: ERROR
    SqlState: 42P01
    MessageText: relation "patients" does not exist
    Position: 743
    File: parse_relation.c
    Line: 1392
    Routine: parserOpenTable
2025-09-08 22:17:15.236 -07:00 [ERR] HTTP POST /api/v1/Patients responded 500 in 54.5869 ms
2025-09-08 22:21:11.967 -07:00 [INF] HTTP GET /api/v1/Patients responded 200 in 0.6598 ms
2025-09-08 22:21:47.989 -07:00 [INF] HTTP POST /api/v1/Patients responded 201 in 167.2315 ms
2025-09-08 22:21:58.344 -07:00 [INF] HTTP GET /api/v1/Patients responded 200 in 0.2919 ms
2025-09-08 22:27:31.232 -07:00 [INF] HTTP GET /api/v1/Patients responded 200 in 0.3517 ms
2025-09-08 22:28:05.709 -07:00 [INF] Database initialized successfully
2025-09-08 22:28:05.758 -07:00 [INF] Now listening on: http://localhost:5000
2025-09-08 22:28:05.759 -07:00 [INF] Application started. Press Ctrl+C to shut down.
2025-09-08 22:28:05.759 -07:00 [INF] Hosting environment: Development
2025-09-08 22:28:05.759 -07:00 [INF] Content root path: /Users/dang/dev/modern-emr/services/emr-backend/src/EMR.API
2025-09-08 22:28:22.971 -07:00 [WRN] Failed to determine the https port for redirect.
2025-09-08 22:28:23.213 -07:00 [INF] HTTP GET /api/v1/Patients responded 200 in 242.7841 ms
2025-09-08 22:29:50.175 -07:00 [INF] HTTP POST /api/v1/Patients responded 201 in 270.3767 ms
2025-09-08 22:30:17.199 -07:00 [INF] HTTP GET /api/v1/Patients responded 200 in 10.3099 ms
2025-09-08 22:33:23.897 -07:00 [INF] HTTP GET /api/v1/Users responded 404 in 0.1123 ms
2025-09-08 22:33:59.943 -07:00 [INF] HTTP GET /api/v1/Providers responded 401 in 2.8136 ms
2025-09-08 22:39:31.340 -07:00 [INF] HTTP GET /api/v1/Patients responded 200 in 15.7052 ms
2025-09-08 22:39:43.923 -07:00 [INF] HTTP GET /api/v1/Appointments responded 200 in 6.8649 ms
2025-09-08 22:43:22.392 -07:00 [INF] HTTP GET /api/v1/Patients responded 200 in 4.8837 ms
2025-09-08 22:58:21.250 -07:00 [INF] HTTP POST /api/v1/Patients responded 201 in 17.7149 ms
e.
 ---> Microsoft.AspNetCore.Connections.AddressInUseException: Address already in use
 ---> System.Net.Sockets.SocketException (48): Address already in use
   at System.Net.Sockets.Socket.DoBind(EndPoint endPointSnapshot, SocketAddress socketAddress)
   at System.Net.Sockets.Socket.Bind(EndPoint localEP)
   at Microsoft.AspNetCore.Server.Kestrel.Transport.Sockets.SocketTransportOptions.CreateDefaultBoundListenSocket(EndPoint endpoint)
   at Microsoft.AspNetCore.Server.Kestrel.Transport.Sockets.SocketConnectionListener.Bind()
   --- End of inner exception stack trace ---
   at Microsoft.AspNetCore.Server.Kestrel.Transport.Sockets.SocketConnectionListener.Bind()
   at Microsoft.AspNetCore.Server.Kestrel.Transport.Sockets.SocketTransportFactory.BindAsync(EndPoint endpoint, CancellationToken cancellationToken)
   at Microsoft.AspNetCore.Server.Kestrel.Core.Internal.Infrastructure.TransportManager.BindAsync(EndPoint endPoint, ConnectionDelegate connectionDelegate, EndpointConfig endpointConfig, CancellationToken cancellationToken)
   at Microsoft.AspNetCore.Server.Kestrel.Core.KestrelServerImpl.<>c__DisplayClass28_0`1.<<StartAsync>g__OnBind|0>d.MoveNext()
--- End of stack trace from previous location ---
   at Microsoft.AspNetCore.Server.Kestrel.Core.Internal.AddressBinder.BindEndpointAsync(ListenOptions endpoint, AddressBindContext context, CancellationToken cancellationToken)
   --- End of inner exception stack trace ---
   at Microsoft.AspNetCore.Server.Kestrel.Core.Internal.AddressBinder.BindEndpointAsync(ListenOptions endpoint, AddressBindContext context, CancellationToken cancellationToken)
   at Microsoft.AspNetCore.Server.Kestrel.Core.LocalhostListenOptions.BindAsync(AddressBindContext context, CancellationToken cancellationToken)
   at Microsoft.AspNetCore.Server.Kestrel.Core.Internal.AddressBinder.AddressesStrategy.BindAsync(AddressBindContext context, CancellationToken cancellationToken)
   at Microsoft.AspNetCore.Server.Kestrel.Core.KestrelServerImpl.BindAsync(CancellationToken cancellationToken)
   at Microsoft.AspNetCore.Server.Kestrel.Core.KestrelServerImpl.StartAsync[TContext](IHttpApplication`1 application, CancellationToken cancellationToken)
   at Microsoft.AspNetCore.Hosting.GenericWebHostService.StartAsync(CancellationToken cancellationToken)
   at Microsoft.Extensions.Hosting.Internal.Host.<StartAsync>b__14_1(IHostedService service, CancellationToken token)
   at Microsoft.Extensions.Hosting.Internal.Host.ForeachService[T](IEnumerable`1 services, CancellationToken token, Boolean concurrent, Boolean abortOnFirstException, List`1 exceptions, Func`3 operation)
